// Jest Snapshot v1, https://goo.gl/fbAQLP

exports[`StructureDataParser should parse mocked data 1`] = `"[{\\"type\\":\\"PDBE_COVER\\",\\"category\\":\\"STRUCTURE_COVERAGE\\",\\"structures\\":[{\\"description\\":\\"Method: X-ray. Resolution: 1.50 A. \\",\\"end\\":0,\\"source\\":{\\"id\\":\\"1AAP\\",\\"url\\":\\"http://www.ebi.ac.uk/pdbe-srv/view/entry/1AAP\\"}}],\\"end\\":0},{\\"type\\":\\"PDBE_COVER\\",\\"category\\":\\"STRUCTURE_COVERAGE\\",\\"structures\\":[{\\"description\\":\\"Method: NMR. Chains: A=672-711. \\",\\"start\\":672,\\"end\\":711,\\"source\\":{\\"id\\":\\"1BA4\\",\\"url\\":\\"http://www.ebi.ac.uk/pdbe-srv/view/entry/1BA4\\"}},{\\"description\\":\\"Method: NMR. Chains: A=672-711. \\",\\"start\\":672,\\"end\\":711,\\"source\\":{\\"id\\":\\"1AML\\",\\"url\\":\\"http://www.ebi.ac.uk/pdbe-srv/view/entry/1AML\\"}},{\\"description\\":\\"Method: NMR. Chains: A=672-699. \\",\\"start\\":672,\\"end\\":699,\\"source\\":{\\"id\\":\\"1AMC\\",\\"url\\":\\"http://www.ebi.ac.uk/pdbe-srv/view/entry/1AMC\\"}},{\\"description\\":\\"Method: NMR. Chains: A=672-699. \\",\\"start\\":672,\\"end\\":699,\\"source\\":{\\"id\\":\\"1AMB\\",\\"url\\":\\"http://www.ebi.ac.uk/pdbe-srv/view/entry/1AMB\\"}}],\\"start\\":672,\\"end\\":711}]"`;
